[2.029s] [34mcolcon[0m [1;30mDEBUG[0m [32mCommand line arguments: ['C:\\Users\\12547\\.platformio\\penv\\Scripts\\colcon', 'list'][0m
[2.029s] [34mcolcon[0m [1;30mDEBUG[0m [32mParsed command line arguments: Namespace(log_base=None, log_level=None, verb_name='list', build_base='build', ignore_user_meta=False, metas=['./colcon.meta'], base_paths=['.'], packages_ignore=None, packages_ignore_regex=None, paths=None, packages_up_to=None, packages_up_to_regex=None, packages_above=None, packages_above_and_dependencies=None, packages_above_depth=None, packages_select_by_dep=None, packages_skip_by_dep=None, packages_skip_up_to=None, packages_select_build_failed=False, packages_skip_build_finished=False, packages_select_test_failures=False, packages_skip_test_passed=False, packages_select=None, packages_skip=None, packages_select_regex=None, packages_skip_regex=None, packages_start=None, packages_end=None, topological_order=False, names_only=False, paths_only=False, topological_graph=False, topological_graph_dot=False, topological_graph_density=False, topological_graph_legend=False, topological_graph_dot_cluster=False, topological_graph_dot_include_skipped=False, verb_parser=<colcon_defaults.argument_parser.defaults.DefaultArgumentsDecorator object at 0x00000261FAC6B450>, verb_extension=<colcon_package_information.verb.list.ListVerb object at 0x00000261FAC5BB50>, main=<bound method ListVerb.main of <colcon_package_information.verb.list.ListVerb object at 0x00000261FAC5BB50>>)[0m
[3.710s] [34mcolcon.colcon_core.package_discovery[0m [1;30mLevel 1[0m discover_packages(colcon_meta) check parameters
[3.711s] [34mcolcon.colcon_core.package_discovery[0m [1;30mLevel 1[0m discover_packages(recursive) check parameters
[3.711s] [34mcolcon.colcon_core.package_discovery[0m [1;30mLevel 1[0m discover_packages(ignore) check parameters
[3.711s] [34mcolcon.colcon_core.package_discovery[0m [1;30mLevel 1[0m discover_packages(path) check parameters
[3.711s] [34mcolcon.colcon_core.package_discovery[0m [1;30mLevel 1[0m discover_packages(colcon_meta) discover
[3.712s] [34mcolcon.colcon_core.package_discovery[0m [1;30mLevel 1[0m discover_packages(recursive) discover
[3.712s] [34mcolcon.colcon_core.package_discovery[0m [1;30mINFO[0m Crawling recursively for packages in 'C:\Users\12547\Desktop\workspace\ROS-CAR\ROS2\ros_car'
[3.713s] [34mcolcon.colcon_core.package_identification[0m [1;30mLevel 1[0m _identify(.) by extensions ['ignore', 'ignore_ament_install']
[3.714s] [34mcolcon.colcon_core.package_identification[0m [1;30mLevel 1[0m _identify(.) by extension 'ignore'
[3.715s] [34mcolcon.colcon_core.package_identification[0m [1;30mLevel 1[0m _identify(.) by extension 'ignore_ament_install'
[3.716s] [34mcolcon.colcon_core.package_identification[0m [1;30mLevel 1[0m _identify(.) by extensions ['colcon_pkg']
[3.716s] [34mcolcon.colcon_core.package_identification[0m [1;30mLevel 1[0m _identify(.) by extension 'colcon_pkg'
[3.716s] [34mcolcon.colcon_core.package_identification[0m [1;30mLevel 1[0m _identify(.) by extensions ['colcon_meta']
[3.716s] [34mcolcon.colcon_core.package_identification[0m [1;30mLevel 1[0m _identify(.) by extension 'colcon_meta'
[3.718s] [34mcolcon.colcon_core.package_identification[0m [1;30mLevel 1[0m _identify(.) by extensions ['ros']
[3.718s] [34mcolcon.colcon_core.package_identification[0m [1;30mLevel 1[0m _identify(.) by extension 'ros'
[4.065s] [34mcolcon.colcon_core.package_identification[0m [1;30mLevel 1[0m _identify(.) by extensions ['cmake', 'python']
[4.065s] [34mcolcon.colcon_core.package_identification[0m [1;30mLevel 1[0m _identify(.) by extension 'cmake'
[4.066s] [34mcolcon.colcon_core.package_identification[0m [1;30mLevel 1[0m _identify(.) by extension 'python'
[4.066s] [34mcolcon.colcon_core.package_identification[0m [1;30mLevel 1[0m _identify(.) by extensions ['python_setup_py']
[4.066s] [34mcolcon.colcon_core.package_identification[0m [1;30mLevel 1[0m _identify(.) by extension 'python_setup_py'
[4.067s] [34mcolcon.colcon_core.package_identification[0m [1;30mLevel 1[0m _identify(docs) by extensions ['ignore', 'ignore_ament_install']
[4.067s] [34mcolcon.colcon_core.package_identification[0m [1;30mLevel 1[0m _identify(docs) by extension 'ignore'
[4.067s] [34mcolcon.colcon_core.package_identification[0m [1;30mLevel 1[0m _identify(docs) by extension 'ignore_ament_install'
[4.068s] [34mcolcon.colcon_core.package_identification[0m [1;30mLevel 1[0m _identify(docs) by extensions ['colcon_pkg']
[4.068s] [34mcolcon.colcon_core.package_identification[0m [1;30mLevel 1[0m _identify(docs) by extension 'colcon_pkg'
[4.068s] [34mcolcon.colcon_core.package_identification[0m [1;30mLevel 1[0m _identify(docs) by extensions ['colcon_meta']
[4.068s] [34mcolcon.colcon_core.package_identification[0m [1;30mLevel 1[0m _identify(docs) by extension 'colcon_meta'
[4.069s] [34mcolcon.colcon_core.package_identification[0m [1;30mLevel 1[0m _identify(docs) by extensions ['ros']
[4.069s] [34mcolcon.colcon_core.package_identification[0m [1;30mLevel 1[0m _identify(docs) by extension 'ros'
[4.069s] [34mcolcon.colcon_core.package_identification[0m [1;30mLevel 1[0m _identify(docs) by extensions ['cmake', 'python']
[4.070s] [34mcolcon.colcon_core.package_identification[0m [1;30mLevel 1[0m _identify(docs) by extension 'cmake'
[4.070s] [34mcolcon.colcon_core.package_identification[0m [1;30mLevel 1[0m _identify(docs) by extension 'python'
[4.070s] [34mcolcon.colcon_core.package_identification[0m [1;30mLevel 1[0m _identify(docs) by extensions ['python_setup_py']
[4.070s] [34mcolcon.colcon_core.package_identification[0m [1;30mLevel 1[0m _identify(docs) by extension 'python_setup_py'
[4.072s] [34mcolcon.colcon_core.package_identification[0m [1;30mLevel 1[0m _identify(log) by extensions ['ignore', 'ignore_ament_install']
[4.072s] [34mcolcon.colcon_core.package_identification[0m [1;30mLevel 1[0m _identify(log) by extension 'ignore'
[4.072s] [34mcolcon.colcon_core.package_identification[0m [1;30mLevel 1[0m _identify(log) ignored
[4.073s] [34mcolcon.colcon_core.package_identification[0m [1;30mLevel 1[0m _identify(src) by extensions ['ignore', 'ignore_ament_install']
[4.073s] [34mcolcon.colcon_core.package_identification[0m [1;30mLevel 1[0m _identify(src) by extension 'ignore'
[4.074s] [34mcolcon.colcon_core.package_identification[0m [1;30mLevel 1[0m _identify(src) by extension 'ignore_ament_install'
[4.074s] [34mcolcon.colcon_core.package_identification[0m [1;30mLevel 1[0m _identify(src) by extensions ['colcon_pkg']
[4.074s] [34mcolcon.colcon_core.package_identification[0m [1;30mLevel 1[0m _identify(src) by extension 'colcon_pkg'
[4.074s] [34mcolcon.colcon_core.package_identification[0m [1;30mLevel 1[0m _identify(src) by extensions ['colcon_meta']
[4.074s] [34mcolcon.colcon_core.package_identification[0m [1;30mLevel 1[0m _identify(src) by extension 'colcon_meta'
[4.075s] [34mcolcon.colcon_core.package_identification[0m [1;30mLevel 1[0m _identify(src) by extensions ['ros']
[4.075s] [34mcolcon.colcon_core.package_identification[0m [1;30mLevel 1[0m _identify(src) by extension 'ros'
[4.076s] [34mcolcon.colcon_core.package_identification[0m [1;30mLevel 1[0m _identify(src) by extensions ['cmake', 'python']
[4.076s] [34mcolcon.colcon_core.package_identification[0m [1;30mLevel 1[0m _identify(src) by extension 'cmake'
[4.076s] [34mcolcon.colcon_core.package_identification[0m [1;30mLevel 1[0m _identify(src) by extension 'python'
[4.076s] [34mcolcon.colcon_core.package_identification[0m [1;30mLevel 1[0m _identify(src) by extensions ['python_setup_py']
[4.077s] [34mcolcon.colcon_core.package_identification[0m [1;30mLevel 1[0m _identify(src) by extension 'python_setup_py'
[4.078s] [34mcolcon.colcon_core.package_identification[0m [1;30mLevel 1[0m _identify(src\my_pkg) by extensions ['ignore', 'ignore_ament_install']
[4.079s] [34mcolcon.colcon_core.package_identification[0m [1;30mLevel 1[0m _identify(src\my_pkg) by extension 'ignore'
[4.079s] [34mcolcon.colcon_core.package_identification[0m [1;30mLevel 1[0m _identify(src\my_pkg) by extension 'ignore_ament_install'
[4.079s] [34mcolcon.colcon_core.package_identification[0m [1;30mLevel 1[0m _identify(src\my_pkg) by extensions ['colcon_pkg']
[4.079s] [34mcolcon.colcon_core.package_identification[0m [1;30mLevel 1[0m _identify(src\my_pkg) by extension 'colcon_pkg'
[4.079s] [34mcolcon.colcon_core.package_identification[0m [1;30mLevel 1[0m _identify(src\my_pkg) by extensions ['colcon_meta']
[4.079s] [34mcolcon.colcon_core.package_identification[0m [1;30mLevel 1[0m _identify(src\my_pkg) by extension 'colcon_meta'
[4.080s] [34mcolcon.colcon_core.package_identification[0m [1;30mLevel 1[0m _identify(src\my_pkg) by extensions ['ros']
[4.080s] [34mcolcon.colcon_core.package_identification[0m [1;30mLevel 1[0m _identify(src\my_pkg) by extension 'ros'
[4.109s] [34mcolcon.colcon_core.package_identification[0m [1;30mDEBUG[0m [32mPackage 'src\my_pkg' with type 'ros.ament_python' and name 'my_pkg'[0m
[4.111s] [34mcolcon.colcon_core.package_identification[0m [1;30mLevel 1[0m _identify(src\openslam_gmapping) by extensions ['ignore', 'ignore_ament_install']
[4.111s] [34mcolcon.colcon_core.package_identification[0m [1;30mLevel 1[0m _identify(src\openslam_gmapping) by extension 'ignore'
[4.112s] [34mcolcon.colcon_core.package_identification[0m [1;30mLevel 1[0m _identify(src\openslam_gmapping) by extension 'ignore_ament_install'
[4.113s] [34mcolcon.colcon_core.package_identification[0m [1;30mLevel 1[0m _identify(src\openslam_gmapping) by extensions ['colcon_pkg']
[4.113s] [34mcolcon.colcon_core.package_identification[0m [1;30mLevel 1[0m _identify(src\openslam_gmapping) by extension 'colcon_pkg'
[4.113s] [34mcolcon.colcon_core.package_identification[0m [1;30mLevel 1[0m _identify(src\openslam_gmapping) by extensions ['colcon_meta']
[4.113s] [34mcolcon.colcon_core.package_identification[0m [1;30mLevel 1[0m _identify(src\openslam_gmapping) by extension 'colcon_meta'
[4.114s] [34mcolcon.colcon_core.package_identification[0m [1;30mLevel 1[0m _identify(src\openslam_gmapping) by extensions ['ros']
[4.114s] [34mcolcon.colcon_core.package_identification[0m [1;30mLevel 1[0m _identify(src\openslam_gmapping) by extension 'ros'
[4.117s] [34mcolcon.colcon_core.package_identification[0m [1;30mDEBUG[0m [32mPackage 'src\openslam_gmapping' with type 'ros.ament_cmake' and name 'openslam_gmapping'[0m
[4.117s] [34mcolcon.colcon_core.package_identification[0m [1;30mLevel 1[0m _identify(src\slam_gmapping) by extensions ['ignore', 'ignore_ament_install']
[4.118s] [34mcolcon.colcon_core.package_identification[0m [1;30mLevel 1[0m _identify(src\slam_gmapping) by extension 'ignore'
[4.118s] [34mcolcon.colcon_core.package_identification[0m [1;30mLevel 1[0m _identify(src\slam_gmapping) by extension 'ignore_ament_install'
[4.119s] [34mcolcon.colcon_core.package_identification[0m [1;30mLevel 1[0m _identify(src\slam_gmapping) by extensions ['colcon_pkg']
[4.119s] [34mcolcon.colcon_core.package_identification[0m [1;30mLevel 1[0m _identify(src\slam_gmapping) by extension 'colcon_pkg'
[4.119s] [34mcolcon.colcon_core.package_identification[0m [1;30mLevel 1[0m _identify(src\slam_gmapping) by extensions ['colcon_meta']
[4.119s] [34mcolcon.colcon_core.package_identification[0m [1;30mLevel 1[0m _identify(src\slam_gmapping) by extension 'colcon_meta'
[4.120s] [34mcolcon.colcon_core.package_identification[0m [1;30mLevel 1[0m _identify(src\slam_gmapping) by extensions ['ros']
[4.120s] [34mcolcon.colcon_core.package_identification[0m [1;30mLevel 1[0m _identify(src\slam_gmapping) by extension 'ros'
[4.126s] [34mcolcon.colcon_core.package_identification[0m [1;30mDEBUG[0m [32mPackage 'src\slam_gmapping' with type 'ros.ament_cmake' and name 'slam_gmapping'[0m
[4.128s] [34mcolcon.colcon_core.package_identification[0m [1;30mLevel 1[0m _identify(src\ydlidar_ros2_driver) by extensions ['ignore', 'ignore_ament_install']
[4.128s] [34mcolcon.colcon_core.package_identification[0m [1;30mLevel 1[0m _identify(src\ydlidar_ros2_driver) by extension 'ignore'
[4.129s] [34mcolcon.colcon_core.package_identification[0m [1;30mLevel 1[0m _identify(src\ydlidar_ros2_driver) by extension 'ignore_ament_install'
[4.130s] [34mcolcon.colcon_core.package_identification[0m [1;30mLevel 1[0m _identify(src\ydlidar_ros2_driver) by extensions ['colcon_pkg']
[4.130s] [34mcolcon.colcon_core.package_identification[0m [1;30mLevel 1[0m _identify(src\ydlidar_ros2_driver) by extension 'colcon_pkg'
[4.130s] [34mcolcon.colcon_core.package_identification[0m [1;30mLevel 1[0m _identify(src\ydlidar_ros2_driver) by extensions ['colcon_meta']
[4.130s] [34mcolcon.colcon_core.package_identification[0m [1;30mLevel 1[0m _identify(src\ydlidar_ros2_driver) by extension 'colcon_meta'
[4.131s] [34mcolcon.colcon_core.package_identification[0m [1;30mLevel 1[0m _identify(src\ydlidar_ros2_driver) by extensions ['ros']
[4.132s] [34mcolcon.colcon_core.package_identification[0m [1;30mLevel 1[0m _identify(src\ydlidar_ros2_driver) by extension 'ros'
[4.135s] [34mcolcon.colcon_core.package_identification[0m [1;30mDEBUG[0m [32mPackage 'src\ydlidar_ros2_driver' with type 'ros.ament_cmake' and name 'ydlidar_ros2_driver'[0m
[4.135s] [34mcolcon.colcon_core.package_discovery[0m [1;30mLevel 1[0m discover_packages(recursive) using defaults
[4.135s] [34mcolcon.colcon_core.package_discovery[0m [1;30mLevel 1[0m discover_packages(ignore) discover
[4.135s] [34mcolcon.colcon_core.package_discovery[0m [1;30mLevel 1[0m discover_packages(ignore) using defaults
[4.135s] [34mcolcon.colcon_core.package_discovery[0m [1;30mLevel 1[0m discover_packages(path) discover
[4.135s] [34mcolcon.colcon_core.package_discovery[0m [1;30mLevel 1[0m discover_packages(path) using defaults
